// Jest Snapshot v1, https://jestjs.io/docs/snapshot-testing

exports[`App rtl render component should be rendered correctly in RTL direction 1`] = `
<div
  class="g-app css-var-root g-app-rtl"
/>
`;

exports[`App single 1`] = `
<div
  class="g-app css-var-root"
>
  <div>
    Hello World
  </div>
</div>
`;
