// Jest Snapshot v1, https://jestjs.io/docs/snapshot-testing

exports[`Input.OTP rtl render component should be rendered correctly in RTL direction 1`] = `
<div
  class="g-otp g-otp-rtl css-var-root"
  role="group"
>
  <span
    class="g-otp-input-wrapper"
    role="presentation"
  >
    <input
      aria-label="OTP Input 1"
      class="g-input g-input-rtl g-input-outlined g-otp-input css-var-root g-input-css-var"
      size="1"
      type="text"
      value=""
    />
  </span>
  <span
    class="g-otp-input-wrapper"
    role="presentation"
  >
    <input
      aria-label="OTP Input 2"
      class="g-input g-input-rtl g-input-outlined g-otp-input css-var-root g-input-css-var"
      size="1"
      type="text"
      value=""
    />
  </span>
  <span
    class="g-otp-input-wrapper"
    role="presentation"
  >
    <input
      aria-label="OTP Input 3"
      class="g-input g-input-rtl g-input-outlined g-otp-input css-var-root g-input-css-var"
      size="1"
      type="text"
      value=""
    />
  </span>
  <span
    class="g-otp-input-wrapper"
    role="presentation"
  >
    <input
      aria-label="OTP Input 4"
      class="g-input g-input-rtl g-input-outlined g-otp-input css-var-root g-input-css-var"
      size="1"
      type="text"
      value=""
    />
  </span>
  <span
    class="g-otp-input-wrapper"
    role="presentation"
  >
    <input
      aria-label="OTP Input 5"
      class="g-input g-input-rtl g-input-outlined g-otp-input css-var-root g-input-css-var"
      size="1"
      type="text"
      value=""
    />
  </span>
  <span
    class="g-otp-input-wrapper"
    role="presentation"
  >
    <input
      aria-label="OTP Input 6"
      class="g-input g-input-rtl g-input-outlined g-otp-input css-var-root g-input-css-var"
      size="1"
      type="text"
      value=""
    />
  </span>
</div>
`;
