// Jest Snapshot v1, https://jestjs.io/docs/snapshot-testing

exports[`TimeLine rtl render component should be rendered correctly in RTL direction 1`] = `
<ol
  class="g-steps g-steps-vertical g-steps-title-horizontal g-steps-outlined g-steps-dot g-steps-rtl g-timeline css-var-root g-timeline-rtl css-var-root"
  style="--g-cmp-steps-items-offset: 0;"
/>
`;

exports[`TimeLine rtl render component should be rendered correctly in RTL direction 2`] = `null`;
