// Jest Snapshot v1, https://jestjs.io/docs/snapshot-testing

exports[`ConfigProvider.Form form requiredMark set requiredMark optional 1`] = `
<form
  class="g-form g-form-horizontal css-var-root g-form-css-var"
>
  <div
    class="g-form-item css-var-root g-form-css-var g-form-item-horizontal"
  >
    <div
      class="g-row g-form-item-row css-var-root"
    >
      <div
        class="g-col g-form-item-label css-var-root"
      >
        <label
          class="g-form-item-required-mark-optional"
          for="age"
          title="年龄"
        >
          年龄
          <span
            class="g-form-item-optional"
            title=""
          >
            (optional)
          </span>
        </label>
      </div>
      <div
        class="g-col g-form-item-control css-var-root"
      >
        <div
          class="g-form-item-control-input"
        >
          <div
            class="g-form-item-control-input-content"
          >
            <input
              id="age"
              value="18"
            />
          </div>
        </div>
      </div>
    </div>
  </div>
</form>
`;
