// Jest Snapshot v1, https://jestjs.io/docs/snapshot-testing

exports[`Breadcrumb.ItemRender render as expect 1`] = `
<div>
  <nav
    class="g-breadcrumb css-var-root"
  >
    <ol>
      <li
        class="g-breadcrumb-item"
      >
        <a
          class="my-link"
          data-path="/"
        >
          Home
        </a>
      </li>
      <li
        aria-hidden="true"
        class="g-breadcrumb-separator"
      >
        /
      </li>
      <li
        class="g-breadcrumb-item"
      >
        <a
          class="my-link"
          data-path="/bamboo"
        >
          Bamboo
        </a>
      </li>
    </ol>
  </nav>
</div>
`;
