// Jest Snapshot v1, https://jestjs.io/docs/snapshot-testing

exports[`Checkbox rtl render component should be rendered correctly in RTL direction 1`] = `
<label
  class="g-checkbox-wrapper g-checkbox-rtl css-var-root g-checkbox-css-var"
>
  <span
    class="g-checkbox g-wave-target"
  >
    <input
      class="g-checkbox-input"
      type="checkbox"
    />
  </span>
</label>
`;
