// Jest Snapshot v1, https://jestjs.io/docs/snapshot-testing

exports[`Image.Semantic should render with classNames and styles when passed as functions to PreviewGroup 1`] = `"<div class="g-image css-var-root g-image-css-var"><img class="g-image-img" src="https://example.com/image.png"><div class="g-image-cover g-image-cover-center"></div></div>"`;

exports[`Image.Semantic should render with custom classNames and styles when passed to PreviewGroup 1`] = `"<div class="g-image css-var-root g-image-css-var"><img class="g-image-img" src="https://example.com/image.png"><div class="g-image-cover g-image-cover-center"></div></div>"`;
