// Jest Snapshot v1, https://jestjs.io/docs/snapshot-testing

exports[`Mentions rtl render component should be rendered correctly in RTL direction 1`] = `
<div
  class="g-mentions g-mentions-rtl g-mentions-outlined g-mentions css-var-root g-mentions-css-var"
>
  <textarea
    class="rc-textarea"
    rows="1"
  />
</div>
`;
