// Jest Snapshot v1, https://jestjs.io/docs/snapshot-testing

exports[`AutoComplete rtl render component should be rendered correctly in RTL direction 1`] = `
<div
  class="g-select g-select-rtl g-select-outlined g-select-auto-complete css-var-root g-select-css-var g-select-single g-select-show-search"
>
  <div
    class="g-select-content"
  >
    <div
      class="g-select-placeholder"
      style="visibility: visible;"
    />
    <input
      aria-autocomplete="list"
      aria-expanded="false"
      aria-haspopup="listbox"
      autocomplete="off"
      class="g-select-input"
      id="test-id"
      role="combobox"
      type="text"
      value=""
    />
  </div>
</div>
`;
