// Jest Snapshot v1, https://jestjs.io/docs/snapshot-testing

exports[`Table.expand click to expand 1`] = `
<div
  class="css-var-root g-table-css-var g-table-wrapper"
>
  <div
    aria-busy="false"
    aria-live="polite"
    class="g-spin css-var-root"
  >
    <div
      class="g-spin-container"
    >
      <div
        class="g-table css-var-root g-table-css-var"
      >
        <div
          class="g-table-container"
        >
          <div
            class="g-table-content"
          >
            <table
              style="table-layout: auto;"
            >
              <thead
                class="g-table-thead"
              >
                <tr>
                  <th
                    class="g-table-cell"
                    scope="col"
                  >
                    Name
                  </th>
                </tr>
              </thead>
              <tbody
                class="g-table-tbody"
              >
                <tr
                  class="g-table-row g-table-row-level-0"
                  data-row-key="1"
                >
                  <td
                    class="g-table-cell g-table-cell-with-append"
                  >
                    <span
                      class="g-table-row-indent indent-level-0"
                      style="padding-left: 0px;"
                    />
                    <button
                      aria-expanded="true"
                      aria-label="Collapse row"
                      class="g-table-row-expand-icon g-table-row-expand-icon-expanded"
                      type="button"
                    />
                  </td>
                </tr>
                <tr
                  class="g-table-row g-table-row-level-1"
                  data-row-key="2"
                >
                  <td
                    class="g-table-cell g-table-cell-with-append"
                  >
                    <span
                      class="g-table-row-indent indent-level-1"
                      style="padding-left: 15px;"
                    />
                    <button
                      aria-expanded="false"
                      aria-label="Expand row"
                      class="g-table-row-expand-icon g-table-row-expand-icon-spaced"
                      type="button"
                    />
                  </td>
                </tr>
              </tbody>
            </table>
          </div>
        </div>
      </div>
      <ul
        class="g-pagination g-table-pagination g-table-pagination-end css-var-root"
      >
        <li
          aria-disabled="true"
          class="g-pagination-prev g-pagination-disabled"
          title="Previous Page"
        >
          <button
            class="g-pagination-item-link"
            disabled=""
            tabindex="-1"
            type="button"
          >
            <span
              aria-label="left"
              class="gicon gicon-left"
              role="img"
            >
              <svg
                aria-hidden="true"
                data-icon="left"
                fill="currentColor"
                focusable="false"
                height="1em"
                viewBox="64 64 896 896"
                width="1em"
              >
                <path
                  d="M724 218.3V141c0-6.7-7.7-10.4-12.9-6.3L260.3 486.8a31.86 31.86 0 000 50.3l450.8 352.1c5.3 4.1 12.9.4 12.9-6.3v-77.3c0-4.9-2.3-9.6-6.1-12.6l-360-281 360-281.1c3.8-3 6.1-7.7 6.1-12.6z"
                />
              </svg>
            </span>
          </button>
        </li>
        <li
          class="g-pagination-item g-pagination-item-1 g-pagination-item-active"
          tabindex="0"
          title="1"
        >
          <a
            rel="nofollow"
          >
            1
          </a>
        </li>
        <li
          aria-disabled="true"
          class="g-pagination-next g-pagination-disabled"
          title="Next Page"
        >
          <button
            class="g-pagination-item-link"
            disabled=""
            tabindex="-1"
            type="button"
          >
            <span
              aria-label="right"
              class="gicon gicon-right"
              role="img"
            >
              <svg
                aria-hidden="true"
                data-icon="right"
                fill="currentColor"
                focusable="false"
                height="1em"
                viewBox="64 64 896 896"
                width="1em"
              >
                <path
                  d="M765.7 486.8L314.9 134.7A7.97 7.97 0 00302 141v77.3c0 4.9 2.3 9.6 6.1 12.6l360 281.1-360 281.1c-3.9 3-6.1 7.7-6.1 12.6V883c0 6.7 7.7 10.4 12.9 6.3l450.8-352.1a31.96 31.96 0 000-50.4z"
                />
              </svg>
            </span>
          </button>
        </li>
      </ul>
    </div>
  </div>
</div>
`;
