// Jest Snapshot v1, https://jestjs.io/docs/snapshot-testing

exports[`Tag rtl render component should be rendered correctly in RTL direction 1`] = `
<span
  class="g-tag g-tag-filled g-tag-rtl css-var-root"
/>
`;

exports[`Tag rtl render component should be rendered correctly in RTL direction 2`] = `
<span
  class="g-tag g-tag-checkable css-var-root"
>
  <span />
</span>
`;
