// Jest Snapshot v1, https://jestjs.io/docs/snapshot-testing

exports[`Upload rtl render component should be rendered correctly in RTL direction 1`] = `
<span
  class="g-upload-wrapper css-var-root g-upload-rtl"
>
  <div
    class="g-upload g-upload-select g-upload-hidden"
  >
    <span
      class="g-upload"
    >
      <input
        accept=""
        name="file"
        style="display: none;"
        type="file"
      />
    </span>
  </div>
  <div
    class="g-upload-list g-upload-list-text"
  />
</span>
`;
