// Jest Snapshot v1, https://jestjs.io/docs/snapshot-testing

exports[`Space.Compact rtl render component should be rendered correctly in RTL direction 1`] = `null`;

exports[`Space.Compact rtl render component should be rendered correctly in RTL direction 2`] = `
<div
  class="g-space-compact g-space-compact-rtl"
>
  <button
    class="g-btn css-var-root g-btn-primary g-btn-color-primary g-btn-varig-solid g-btn-rtl g-btn-compact-item g-btn-compact-first-item g-btn-compact-last-item g-btn-compact-item-rtl"
    type="button"
  >
    <span>
      Submit
    </span>
  </button>
</div>
`;
