// Jest Snapshot v1, https://jestjs.io/docs/snapshot-testing

exports[`Switch rtl render component should be rendered correctly in RTL direction 1`] = `
<button
  aria-checked="false"
  class="g-switch g-switch-rtl css-var-root"
  role="switch"
  type="button"
>
  <div
    class="g-switch-handle"
  />
  <span
    class="g-switch-inner"
  >
    <span
      class="g-switch-inner-checked"
    />
    <span
      class="g-switch-inner-unchecked"
    />
  </span>
</button>
`;
